Archive member included to satisfy reference by file (symbol)

/opt/homebrew/Cellar/arm-none-eabi-gcc/16.2.0/lib/gcc/arm-none-eabi/16.2.0/thumb/v7e-m+fp/hard/libgcc.a(_aeabi_uldivmod.o)
                              /Users/basith/Desktop/mc paid/Fan/firmware-build/source_7.o (__aeabi_uldivmod)
/opt/homebrew/Cellar/arm-none-eabi-gcc/16.2.0/lib/gcc/arm-none-eabi/16.2.0/thumb/v7e-m+fp/hard/libgcc.a(_udivmoddi4.o)
                              /opt/homebrew/Cellar/arm-none-eabi-gcc/16.2.0/lib/gcc/arm-none-eabi/16.2.0/thumb/v7e-m+fp/hard/libgcc.a(_aeabi_uldivmod.o) (__udivmoddi4)
/opt/homebrew/Cellar/arm-none-eabi-gcc/16.2.0/lib/gcc/arm-none-eabi/16.2.0/thumb/v7e-m+fp/hard/libgcc.a(_dvmd_tls.o)
                              /opt/homebrew/Cellar/arm-none-eabi-gcc/16.2.0/lib/gcc/arm-none-eabi/16.2.0/thumb/v7e-m+fp/hard/libgcc.a(_aeabi_uldivmod.o) (__aeabi_ldiv0)

Merging object attributes


Discarded input sections

 .group         0x00000000        0xc /Users/basith/Desktop/mc paid/Fan/firmware-build/source_0.o
 .group         0x00000000        0xc /Users/basith/Desktop/mc paid/Fan/firmware-build/source_0.o
 .group         0x00000000        0xc /Users/basith/Desktop/mc paid/Fan/firmware-build/source_0.o
 .group         0x00000000        0xc /Users/basith/Desktop/mc paid/Fan/firmware-build/source_0.o
 .group         0x00000000        0xc /Users/basith/Desktop/mc paid/Fan/firmware-build/source_0.o
 .group         0x00000000        0xc /Users/basith/Desktop/mc paid/Fan/firmware-build/source_0.o
 .group         0x00000000        0xc /Users/basith/Desktop/mc paid/Fan/firmware-build/source_0.o
 .group         0x00000000        0xc /Users/basith/Desktop/mc paid/Fan/firmware-build/source_0.o
 .group         0x00000000        0xc /Users/basith/Desktop/mc paid/Fan/firmware-build/source_0.o
 .group         0x00000000        0xc /Users/basith/Desktop/mc paid/Fan/firmware-build/source_0.o
 .group         0x00000000        0xc /Users/basith/Desktop/mc paid/Fan/firmware-build/source_0.o
 .group         0x00000000        0xc /Users/basith/Desktop/mc paid/Fan/firmware-build/source_0.o
 .group         0x00000000        0xc /Users/basith/Desktop/mc paid/Fan/firmware-build/source_0.o
 .group         0x00000000        0xc /Users/basith/Desktop/mc paid/Fan/firmware-build/source_0.o
 .group         0x00000000        0xc /Users/basith/Desktop/mc paid/Fan/firmware-build/source_0.o
 .group         0x00000000        0xc /Users/basith/Desktop/mc paid/Fan/firmware-build/source_0.o
 .group         0x00000000        0xc /Users/basith/Desktop/mc paid/Fan/firmware-build/source_0.o
 .group         0x00000000        0xc /Users/basith/Desktop/mc paid/Fan/firmware-build/source_0.o
 .group         0x00000000        0xc /Users/basith/Desktop/mc paid/Fan/firmware-build/source_0.o
 .group         0x00000000        0xc /Users/basith/Desktop/mc paid/Fan/firmware-build/source_0.o
 .group         0x00000000        0xc /Users/basith/Desktop/mc paid/Fan/firmware-build/source_0.o
 .group         0x00000000        0xc /Users/basith/Desktop/mc paid/Fan/firmware-build/source_0.o
 .group         0x00000000        0xc /Users/basith/Desktop/mc paid/Fan/firmware-build/source_0.o
 .group         0x00000000        0xc /Users/basith/Desktop/mc paid/Fan/firmware-build/source_0.o
 .group         0x00000000        0xc /Users/basith/Desktop/mc paid/Fan/firmware-build/source_0.o
 .group         0x00000000        0xc /Users/basith/Desktop/mc paid/Fan/firmware-build/source_0.o
 .group         0x00000000        0xc /Users/basith/Desktop/mc paid/Fan/firmware-build/source_0.o
 .group         0x00000000        0xc /Users/basith/Desktop/mc paid/Fan/firmware-build/source_0.o
 .group         0x00000000        0xc /Users/basith/Desktop/mc paid/Fan/firmware-build/source_0.o
 .group         0x00000000        0xc /Users/basith/Desktop/mc paid/Fan/firmware-build/source_0.o
 .group         0x00000000        0xc /Users/basith/Desktop/mc paid/Fan/firmware-build/source_0.o
 .group         0x00000000        0xc /Users/basith/Desktop/mc paid/Fan/firmware-build/source_0.o
 .group         0x00000000        0xc /Users/basith/Desktop/mc paid/Fan/firmware-build/source_0.o
 .group         0x00000000        0xc /Users/basith/Desktop/mc paid/Fan/firmware-build/source_0.o
 .group         0x00000000        0xc /Users/basith/Desktop/mc paid/Fan/firmware-build/source_0.o
 .group         0x00000000        0xc /Users/basith/Desktop/mc paid/Fan/firmware-build/source_0.o
 .group         0x00000000        0xc /Users/basith/Desktop/mc paid/Fan/firmware-build/source_0.o
 .group         0x00000000        0xc /Users/basith/Desktop/mc paid/Fan/firmware-build/source_0.o
 .group         0x00000000        0xc /Users/basith/Desktop/mc paid/Fan/firmware-build/source_0.o
 .group         0x00000000        0xc /Users/basith/Desktop/mc paid/Fan/firmware-build/source_0.o
 .text          0x00000000        0x0 /Users/basith/Desktop/mc paid/Fan/firmware-build/source_0.o
[...]
Memory Configuration

Name             Origin             Length             Attributes
FLASH            0x08000000         0x00080000         xr
RAM              0x20000000         0x00020000         xrw
*default*        0x00000000         0xffffffff

Linker script and memory map

LOAD /Users/basith/Desktop/mc paid/Fan/firmware-build/source_0.o
LOAD /Users/basith/Desktop/mc paid/Fan/firmware-build/source_1.o
LOAD /Users/basith/Desktop/mc paid/Fan/firmware-build/source_2.o
LOAD /Users/basith/Desktop/mc paid/Fan/firmware-build/source_3.o
LOAD /Users/basith/Desktop/mc paid/Fan/firmware-build/source_4.o
LOAD /Users/basith/Desktop/mc paid/Fan/firmware-build/source_5.o
LOAD /Users/basith/Desktop/mc paid/Fan/firmware-build/source_6.o
LOAD /Users/basith/Desktop/mc paid/Fan/firmware-build/source_7.o
LOAD /Users/basith/Desktop/mc paid/Fan/firmware-build/source_8.o
LOAD /Users/basith/Desktop/mc paid/Fan/firmware-build/source_9.o
LOAD /Users/basith/Desktop/mc paid/Fan/firmware-build/source_10.o
LOAD /Users/basith/Desktop/mc paid/Fan/firmware-build/source_11.o
LOAD /Users/basith/Desktop/mc paid/Fan/firmware-build/source_12.o
LOAD /Users/basith/Desktop/mc paid/Fan/firmware-build/source_13.o
LOAD /Users/basith/Desktop/mc paid/Fan/firmware-build/source_14.o
LOAD /Users/basith/Desktop/mc paid/Fan/firmware-build/source_15.o
LOAD /Users/basith/Desktop/mc paid/Fan/firmware-build/source_16.o
LOAD /Users/basith/Desktop/mc paid/Fan/firmware-build/source_17.o
LOAD /Users/basith/Desktop/mc paid/Fan/firmware-build/source_18.o
LOAD /Users/basith/Desktop/mc paid/Fan/firmware-build/source_19.o
LOAD /Users/basith/Desktop/mc paid/Fan/firmware-build/source_20.o
LOAD /Users/basith/Desktop/mc paid/Fan/firmware-build/source_21.o
LOAD /Users/basith/Desktop/mc paid/Fan/firmware-build/source_22.o
LOAD /Users/basith/Desktop/mc paid/Fan/firmware-build/source_23.o
LOAD /Users/basith/Desktop/mc paid/Fan/firmware-build/source_24.o
LOAD /Users/basith/Desktop/mc paid/Fan/firmware-build/source_25.o
LOAD /Users/basith/Desktop/mc paid/Fan/firmware-build/source_26.o
LOAD /opt/homebrew/Cellar/arm-none-eabi-gcc/16.2.0/lib/gcc/arm-none-eabi/16.2.0/thumb/v7e-m+fp/hard/libgcc.a
                0x20020000                        _estack = (ORIGIN (RAM) + LENGTH (RAM))

.isr_vector     0x08000000      0x198
 *(.isr_vector)
 .isr_vector    0x08000000      0x198 /Users/basith/Desktop/mc paid/Fan/firmware-build/source_25.o
                0x08000000                g_pfnVectors

.text           0x08000198     0x204c
 *(.text*)
 .text.TMP117_RecordI2CFailure
                0x08000198       0x24 /Users/basith/Desktop/mc paid/Fan/firmware-build/source_0.o
 .text.TMP117_Probe
                0x080001bc      0x104 /Users/basith/Desktop/mc paid/Fan/firmware-build/source_0.o
 .text.SystemClock_Config
                0x080002c0       0x88 /Users/basith/Desktop/mc paid/Fan/firmware-build/source_0.o
                0x080002c0                SystemClock_Config
 .text.startup.main
                0x08000348      0x204 /Users/basith/Desktop/mc paid/Fan/firmware-build/source_0.o
                0x08000348                main
 .text.Error_Handler
                0x0800054c        0x4 /Users/basith/Desktop/mc paid/Fan/firmware-build/source_0.o
                0x0800054c                Error_Handler
 .text.TMP117_ReadRegister.part.0
                0x08000550       0x30 /Users/basith/Desktop/mc paid/Fan/firmware-build/source_1.o
 .text.TMP117_ReadRegister
                0x08000580        0xa /Users/basith/Desktop/mc paid/Fan/firmware-build/source_1.o
                0x08000580                TMP117_ReadRegister
 .text.TMP117_ReadRaw
                0x0800058a       0x28 /Users/basith/Desktop/mc paid/Fan/firmware-build/source_1.o
                0x0800058a                TMP117_ReadRaw
 .text.TMP117_ReadDeviceID
                0x080005b2        0x8 /Users/basith/Desktop/mc paid/Fan/firmware-build/source_1.o
                0x080005b2                TMP117_ReadDeviceID
 *fill*         0x080005ba        0x2 
 .text.Fan_SetPercent
                0x080005bc       0x2c /Users/basith/Desktop/mc paid/Fan/firmware-build/source_2.o
                0x080005bc                Fan_SetPercent
 .text.Fan_GetPercent
                0x080005e8        0xc /Users/basith/Desktop/mc paid/Fan/firmware-build/source_2.o
                0x080005e8                Fan_GetPercent
 .text.Fan_Stop
                0x080005f4        0x6 /Users/basith/Desktop/mc paid/Fan/firmware-build/source_2.o
                0x080005f4                Fan_Stop
 *fill*         0x080005fa        0x2 
 .text.Fan_Init
                0x080005fc       0x18 /Users/basith/Desktop/mc paid/Fan/firmware-build/source_2.o
                0x080005fc                Fan_Init
 .text.NMI_Handler
                0x08000614        0x2 /Users/basith/Desktop/mc paid/Fan/firmware-build/source_3.o
                0x08000614                NMI_Handler
 .text.HardFault_Handler
                0x08000616        0x2 /Users/basith/Desktop/mc paid/Fan/firmware-build/source_3.o
                0x08000616                HardFault_Handler
 .text.MemManage_Handler
                0x08000618        0x2 /Users/basith/Desktop/mc paid/Fan/firmware-build/source_3.o
                0x08000618                MemManage_Handler
 .text.BusFault_Handler
                0x0800061a        0x2 /Users/basith/Desktop/mc paid/Fan/firmware-build/source_3.o
                0x0800061a                BusFault_Handler
 .text.UsageFault_Handler
                0x0800061c        0x2 /Users/basith/Desktop/mc paid/Fan/firmware-build/source_3.o
                0x0800061c                UsageFault_Handler
 .text.SVC_Handler
                0x0800061e        0x2 /Users/basith/Desktop/mc paid/Fan/firmware-build/source_3.o
                0x0800061e                SVC_Handler
 .text.DebugMon_Handler
                0x08000620        0x2 /Users/basith/Desktop/mc paid/Fan/firmware-build/source_3.o
                0x08000620                DebugMon_Handler
 .text.PendSV_Handler
                0x08000622        0x2 /Users/basith/Desktop/mc paid/Fan/firmware-build/source_3.o
                0x08000622                PendSV_Handler
 .text.SysTick_Handler
                0x08000624        0x4 /Users/basith/Desktop/mc paid/Fan/firmware-build/source_3.o
                0x08000624                SysTick_Handler
 .text.HAL_MspInit
                0x08000628       0x38 /Users/basith/Desktop/mc paid/Fan/firmware-build/source_4.o
                0x08000628                HAL_MspInit
 .text.HAL_I2C_MspInit
                0x08000660       0x84 /Users/basith/Desktop/mc paid/Fan/firmware-build/source_4.o
                0x08000660                HAL_I2C_MspInit
 .text.HAL_RTC_MspInit
                0x080006e4       0x44 /Users/basith/Desktop/mc paid/Fan/firmware-build/source_4.o
                0x080006e4                HAL_RTC_MspInit
 .text.HAL_TIM_PWM_MspInit
                0x08000728       0x2c /Users/basith/Desktop/mc paid/Fan/firmware-build/source_4.o
                0x08000728                HAL_TIM_PWM_MspInit
 .text.HAL_TIM_MspPostInit
                0x08000754       0x50 /Users/basith/Desktop/mc paid/Fan/firmware-build/source_4.o
                0x08000754                HAL_TIM_MspPostInit
 .text.I2C_IsAcknowledgeFailed
                0x080007a4       0x34 /Users/basith/Desktop/mc paid/Fan/firmware-build/source_5.o
 .text.I2C_WaitOnFlagUntilTimeout
                0x080007d8       0x9c /Users/basith/Desktop/mc paid/Fan/firmware-build/source_5.o
 .text.I2C_WaitOnMasterAddressFlagUntilTimeout
                0x08000874       0x86 /Users/basith/Desktop/mc paid/Fan/firmware-build/source_5.o
 .text.I2C_WaitOnTXEFlagUntilTimeout
                0x080008fa       0x54 /Users/basith/Desktop/mc paid/Fan/firmware-build/source_5.o
 *fill*         0x0800094e        0x2 
 .text.I2C_RequestMemoryRead
                0x08000950       0xfc /Users/basith/Desktop/mc paid/Fan/firmware-build/source_5.o
 .text.I2C_WaitOnRXNEFlagUntilTimeout
                0x08000a4c       0x66 /Users/basith/Desktop/mc paid/Fan/firmware-build/source_5.o
 *fill*         0x08000ab2        0x2 
 .text.HAL_I2C_Init
                0x08000ab4      0x150 /Users/basith/Desktop/mc paid/Fan/firmware-build/source_5.o
                0x08000ab4                HAL_I2C_Init
 .text.HAL_I2C_Mem_Read
                0x08000c04      0x214 /Users/basith/Desktop/mc paid/Fan/firmware-build/source_5.o
                0x08000c04                HAL_I2C_Mem_Read
 .text.HAL_I2C_IsDeviceReady
                0x08000e18      0x15c /Users/basith/Desktop/mc paid/Fan/firmware-build/source_5.o
                0x08000e18                HAL_I2C_IsDeviceReady
 .text.HAL_I2C_GetError
                0x08000f74        0x4 /Users/basith/Desktop/mc paid/Fan/firmware-build/source_5.o
                0x08000f74                HAL_I2C_GetError
 .text.HAL_RCC_OscConfig
                0x08000f78      0x364 /Users/basith/Desktop/mc paid/Fan/firmware-build/source_7.o
                0x08000f78                HAL_RCC_OscConfig
 .text.HAL_RCC_GetSysClockFreq
                0x080012dc       0x5c /Users/basith/Desktop/mc paid/Fan/firmware-build/source_7.o
                0x080012dc                HAL_RCC_GetSysClockFreq
 .text.HAL_RCC_ClockConfig
                0x08001338      0x130 /Users/basith/Desktop/mc paid/Fan/firmware-build/source_7.o
                0x08001338                HAL_RCC_ClockConfig
 .text.HAL_RCC_GetPCLK1Freq
                0x08001468       0x20 /Users/basith/Desktop/mc paid/Fan/firmware-build/source_7.o
                0x08001468                HAL_RCC_GetPCLK1Freq
 .text.HAL_RCCEx_PeriphCLKConfig
                0x08001488      0x140 /Users/basith/Desktop/mc paid/Fan/firmware-build/source_8.o
                0x08001488                HAL_RCCEx_PeriphCLKConfig
 .text.HAL_GPIO_Init
                0x080015c8      0x184 /Users/basith/Desktop/mc paid/Fan/firmware-build/source_12.o
                0x080015c8                HAL_GPIO_Init
 .text.HAL_NVIC_SetPriorityGrouping
                0x0800174c       0x24 /Users/basith/Desktop/mc paid/Fan/firmware-build/source_17.o
                0x0800174c                HAL_NVIC_SetPriorityGrouping
 .text.HAL_NVIC_SetPriority
                0x08001770       0x5c /Users/basith/Desktop/mc paid/Fan/firmware-build/source_17.o
                0x08001770                HAL_NVIC_SetPriority
 .text.HAL_SYSTICK_Config
                0x080017cc       0x28 /Users/basith/Desktop/mc paid/Fan/firmware-build/source_17.o
                0x080017cc                HAL_SYSTICK_Config
 .text.HAL_InitTick
                0x080017f4       0x48 /Users/basith/Desktop/mc paid/Fan/firmware-build/source_18.o
                0x080017f4                HAL_InitTick
 .text.HAL_Init
                0x0800183c       0x34 /Users/basith/Desktop/mc paid/Fan/firmware-build/source_18.o
                0x0800183c                HAL_Init
 .text.HAL_IncTick
                0x08001870       0x18 /Users/basith/Desktop/mc paid/Fan/firmware-build/source_18.o
                0x08001870                HAL_IncTick
 .text.HAL_GetTick
                0x08001888        0xc /Users/basith/Desktop/mc paid/Fan/firmware-build/source_18.o
                0x08001888                HAL_GetTick
 .text.HAL_Delay
                0x08001894       0x28 /Users/basith/Desktop/mc paid/Fan/firmware-build/source_18.o
                0x08001894                HAL_Delay
 .text.HAL_RTC_WaitForSynchro
                0x080018bc       0x30 /Users/basith/Desktop/mc paid/Fan/firmware-build/source_20.o
                0x080018bc                HAL_RTC_WaitForSynchro
 .text.RTC_EnterInitMode
                0x080018ec       0x42 /Users/basith/Desktop/mc paid/Fan/firmware-build/source_20.o
                0x080018ec                RTC_EnterInitMode
 .text.RTC_ExitInitMode
                0x0800192e       0x26 /Users/basith/Desktop/mc paid/Fan/firmware-build/source_20.o
                0x0800192e                RTC_ExitInitMode
 .text.HAL_RTC_Init
                0x08001954       0x88 /Users/basith/Desktop/mc paid/Fan/firmware-build/source_20.o
                0x08001954                HAL_RTC_Init
 .text.TIM_OC1_SetConfig
                0x080019dc       0x50 /Users/basith/Desktop/mc paid/Fan/firmware-build/source_22.o
 .text.TIM_OC3_SetConfig
                0x08001a2c       0x54 /Users/basith/Desktop/mc paid/Fan/firmware-build/source_22.o
 .text.TIM_OC4_SetConfig
                0x08001a80       0x44 /Users/basith/Desktop/mc paid/Fan/firmware-build/source_22.o
 .text.TIM_Base_SetConfig
                0x08001ac4       0x90 /Users/basith/Desktop/mc paid/Fan/firmware-build/source_22.o
                0x08001ac4                TIM_Base_SetConfig
 .text.HAL_TIM_PWM_Init
                0x08001b54       0x54 /Users/basith/Desktop/mc paid/Fan/firmware-build/source_22.o
                0x08001b54                HAL_TIM_PWM_Init
 .text.TIM_OC2_SetConfig
                0x08001ba8       0x58 /Users/basith/Desktop/mc paid/Fan/firmware-build/source_22.o
                0x08001ba8                TIM_OC2_SetConfig
 .text.HAL_TIM_PWM_ConfigChannel
                0x08001c00       0xac /Users/basith/Desktop/mc paid/Fan/firmware-build/source_22.o
                0x08001c00                HAL_TIM_PWM_ConfigChannel
 .text.TIM_CCxChannelCmd
                0x08001cac       0x1c /Users/basith/Desktop/mc paid/Fan/firmware-build/source_22.o
                0x08001cac                TIM_CCxChannelCmd
 .text.HAL_TIM_OC_Start
                0x08001cc8       0xa8 /Users/basith/Desktop/mc paid/Fan/firmware-build/source_22.o
                0x08001cc8                HAL_TIM_OC_Start
 .text.HAL_TIM_PWM_Start
                0x08001d70        0x4 /Users/basith/Desktop/mc paid/Fan/firmware-build/source_22.o
                0x08001d70                HAL_TIM_PWM_Start
 .text.HAL_TIMEx_MasterConfigSynchronization
                0x08001d74       0x6c /Users/basith/Desktop/mc paid/Fan/firmware-build/source_23.o
                0x08001d74                HAL_TIMEx_MasterConfigSynchronization
 .text.SystemInit
                0x08001de0       0x14 /Users/basith/Desktop/mc paid/Fan/firmware-build/source_24.o
                0x08001de0                SystemInit
 .text.Reset_Handler
                0x08001df4       0x50 /Users/basith/Desktop/mc paid/Fan/firmware-build/source_25.o
                0x08001df4                Reset_Handler
 .text.Default_Handler
                0x08001e44        0x2 /Users/basith/Desktop/mc paid/Fan/firmware-build/source_25.o
                0x08001e44                DMA1_Stream3_IRQHandler
                0x08001e44                EXTI2_IRQHandler
                0x08001e44                SPI4_IRQHandler
                0x08001e44                TIM1_CC_IRQHandler
                0x08001e44                DMA2_Stream5_IRQHandler
                0x08001e44                DMA1_Stream5_IRQHandler
                0x08001e44                PVD_IRQHandler
                0x08001e44                SDIO_IRQHandler
                0x08001e44                TAMP_STAMP_IRQHandler
                0x08001e44                EXTI3_IRQHandler
                0x08001e44                TIM1_UP_TIM10_IRQHandler
                0x08001e44                I2C3_ER_IRQHandler
                0x08001e44                EXTI0_IRQHandler
                0x08001e44                I2C2_EV_IRQHandler
                0x08001e44                DMA1_Stream2_IRQHandler
                0x08001e44                FPU_IRQHandler
                0x08001e44                DMA2_Stream2_IRQHandler
                0x08001e44                SPI1_IRQHandler
                0x08001e44                TIM1_BRK_TIM9_IRQHandler
                0x08001e44                DMA2_Stream3_IRQHandler
                0x08001e44                USART6_IRQHandler
                0x08001e44                DMA2_Stream0_IRQHandler
                0x08001e44                TIM4_IRQHandler
                0x08001e44                I2C1_EV_IRQHandler
                0x08001e44                DMA1_Stream6_IRQHandler
                0x08001e44                DMA1_Stream1_IRQHandler
                0x08001e44                TIM3_IRQHandler
                0x08001e44                RCC_IRQHandler
                0x08001e44                Default_Handler
                0x08001e44                EXTI15_10_IRQHandler
                0x08001e44                ADC_IRQHandler
                0x08001e44                DMA1_Stream7_IRQHandler
                0x08001e44                SPI5_IRQHandler
                0x08001e44                TIM5_IRQHandler
                0x08001e44                DMA2_Stream7_IRQHandler
                0x08001e44                I2C3_EV_IRQHandler
                0x08001e44                EXTI9_5_IRQHandler
                0x08001e44                RTC_WKUP_IRQHandler
                0x08001e44                SPI2_IRQHandler
                0x08001e44                DMA1_Stream0_IRQHandler
                0x08001e44                EXTI4_IRQHandler
                0x08001e44                WWDG_IRQHandler
                0x08001e44                TIM2_IRQHandler
                0x08001e44                OTG_FS_WKUP_IRQHandler
                0x08001e44                TIM1_TRG_COM_TIM11_IRQHandler
                0x08001e44                EXTI1_IRQHandler
                0x08001e44                USART2_IRQHandler
                0x08001e44                I2C2_ER_IRQHandler
                0x08001e44                DMA2_Stream1_IRQHandler
                0x08001e44                FLASH_IRQHandler
                0x08001e44                DMA2_Stream4_IRQHandler
                0x08001e44                USART1_IRQHandler
                0x08001e44                OTG_FS_IRQHandler
                0x08001e44                SPI3_IRQHandler
                0x08001e44                DMA1_Stream4_IRQHandler
                0x08001e44                I2C1_ER_IRQHandler
                0x08001e44                DMA2_Stream6_IRQHandler
                0x08001e44                RTC_Alarm_IRQHandler
 .text.__libc_init_array
                0x08001e46        0x2 /Users/basith/Desktop/mc paid/Fan/firmware-build/source_26.o
                0x08001e46                __libc_init_array
 .text.memset   0x08001e48       0x10 /Users/basith/Desktop/mc paid/Fan/firmware-build/source_26.o
                0x08001e48                memset
 .text          0x08001e58       0x30 /opt/homebrew/Cellar/arm-none-eabi-gcc/16.2.0/lib/gcc/arm-none-eabi/16.2.0/thumb/v7e-m+fp/hard/libgcc.a(_aeabi_uldivmod.o)
                0x08001e58                __aeabi_uldivmod
 .text          0x08001e88      0x340 /opt/homebrew/Cellar/arm-none-eabi-gcc/16.2.0/lib/gcc/arm-none-eabi/16.2.0/thumb/v7e-m+fp/hard/libgcc.a(_udivmoddi4.o)
                0x08001e88                __udivmoddi4
 .text          0x080021c8        0x4 /opt/homebrew/Cellar/arm-none-eabi-gcc/16.2.0/lib/gcc/arm-none-eabi/16.2.0/thumb/v7e-m+fp/hard/libgcc.a(_dvmd_tls.o)
                0x080021c8                __aeabi_ldiv0
                0x080021c8                __aeabi_idiv0
 *(.rodata*)
 .rodata.APBPrescTable
                0x080021cc        0x8 /Users/basith/Desktop/mc paid/Fan/firmware-build/source_24.o
                0x080021cc                APBPrescTable
 .rodata.AHBPrescTable
                0x080021d4       0x10 /Users/basith/Desktop/mc paid/Fan/firmware-build/source_24.o
                0x080021d4                AHBPrescTable
 *(.init)
 *(.fini)
                0x080021e4                        . = ALIGN (0x4)

.glue_7         0x080021e4        0x0
 .glue_7        0x080021e4        0x0 linker stubs

.glue_7t        0x080021e4        0x0
 .glue_7t       0x080021e4        0x0 linker stubs

.vfp11_veneer   0x080021e4        0x0
 .vfp11_veneer  0x080021e4        0x0 linker stubs

.v4_bx          0x080021e4        0x0
 .v4_bx         0x080021e4        0x0 linker stubs

.iplt           0x080021e4        0x0
 .iplt          0x080021e4        0x0 /Users/basith/Desktop/mc paid/Fan/firmware-build/source_0.o

.ARM.extab
 *(.ARM.extab*)

.ARM.exidx      0x080021e4        0x8
                0x080021e4                        __exidx_start = .
 *(.ARM.exidx*)
 .ARM.exidx     0x080021e4        0x8 /opt/homebrew/Cellar/arm-none-eabi-gcc/16.2.0/lib/gcc/arm-none-eabi/16.2.0/thumb/v7e-m+fp/hard/libgcc.a(_udivmoddi4.o)
                0x080021ec                        __exidx_end = .
                0x080021ec                        _sidata = LOADADDR (.data)

.rel.dyn        0x080021ec        0x0
 .rel.iplt      0x080021ec        0x0 /Users/basith/Desktop/mc paid/Fan/firmware-build/source_0.o

.data           0x20000000       0x10 load address 0x080021ec
                0x20000000                        . = ALIGN (0x4)
                0x20000000                        _sdata = .
 *(.data*)
 .data.fan_pwm_start_status
                0x20000000        0x1 /Users/basith/Desktop/mc paid/Fan/firmware-build/source_0.o
                0x20000000                fan_pwm_start_status
 .data.tmp117_temperature_status
                0x20000001        0x1 /Users/basith/Desktop/mc paid/Fan/firmware-build/source_0.o
                0x20000001                tmp117_temperature_status
 .data.tmp117_config_status
                0x20000002        0x1 /Users/basith/Desktop/mc paid/Fan/firmware-build/source_0.o
                0x20000002                tmp117_config_status
 .data.tmp117_id_status
                0x20000003        0x1 /Users/basith/Desktop/mc paid/Fan/firmware-build/source_0.o
                0x20000003                tmp117_id_status
 .data.tmp117_probe_status
                0x20000004        0x1 /Users/basith/Desktop/mc paid/Fan/firmware-build/source_0.o
                0x20000004                tmp117_probe_status
 .data.uwTickFreq
                0x20000005        0x1 /Users/basith/Desktop/mc paid/Fan/firmware-build/source_18.o
                0x20000005                uwTickFreq
 *fill*         0x20000006        0x2 
 .data.uwTickPrio
                0x20000008        0x4 /Users/basith/Desktop/mc paid/Fan/firmware-build/source_18.o
                0x20000008                uwTickPrio
 .data.SystemCoreClock
                0x2000000c        0x4 /Users/basith/Desktop/mc paid/Fan/firmware-build/source_24.o
                0x2000000c                SystemCoreClock
                0x20000010                        . = ALIGN (0x4)
                0x20000010                        _edata = .

.igot.plt       0x20000010        0x0 load address 0x080021fc
 .igot.plt      0x20000010        0x0 /Users/basith/Desktop/mc paid/Fan/firmware-build/source_0.o

.bss            0x20000010       0xec load address 0x080021fc
                0x20000010                        . = ALIGN (0x4)
                0x20000010                        _sbss = .
 *(.bss*)
 .bss.fan_test_applied_percent
                0x20000010        0x1 /Users/basith/Desktop/mc paid/Fan/firmware-build/source_0.o
                0x20000010                fan_test_applied_percent
 *fill*         0x20000011        0x3 
 .bss.fan_test_requested_percent
                0x20000014        0x4 /Users/basith/Desktop/mc paid/Fan/firmware-build/source_0.o
                0x20000014                fan_test_requested_percent
 .bss.tmp117_last_poll_tick
                0x20000018        0x4 /Users/basith/Desktop/mc paid/Fan/firmware-build/source_0.o
 .bss.tmp117_address_scan_done
                0x2000001c        0x1 /Users/basith/Desktop/mc paid/Fan/firmware-build/source_0.o
                0x2000001c                tmp117_address_scan_done
 .bss.tmp117_possible_address_ack_mask
                0x2000001d        0x1 /Users/basith/Desktop/mc paid/Fan/firmware-build/source_0.o
                0x2000001d                tmp117_possible_address_ack_mask
 *fill*         0x2000001e        0x2 
 .bss.tmp117_i2c_error
                0x20000020        0x4 /Users/basith/Desktop/mc paid/Fan/firmware-build/source_0.o
                0x20000020                tmp117_i2c_error
 .bss.tmp117_error_count
                0x20000024        0x4 /Users/basith/Desktop/mc paid/Fan/firmware-build/source_0.o
                0x20000024                tmp117_error_count
 .bss.tmp117_last_success_tick
                0x20000028        0x4 /Users/basith/Desktop/mc paid/Fan/firmware-build/source_0.o
                0x20000028                tmp117_last_success_tick
 .bss.tmp117_temperature_c
                0x2000002c        0x4 /Users/basith/Desktop/mc paid/Fan/firmware-build/source_0.o
                0x2000002c                tmp117_temperature_c
 .bss.tmp117_raw_temperature
                0x20000030        0x2 /Users/basith/Desktop/mc paid/Fan/firmware-build/source_0.o
                0x20000030                tmp117_raw_temperature
 .bss.tmp117_configuration
                0x20000032        0x2 /Users/basith/Desktop/mc paid/Fan/firmware-build/source_0.o
                0x20000032                tmp117_configuration
 .bss.tmp117_device_id
                0x20000034        0x2 /Users/basith/Desktop/mc paid/Fan/firmware-build/source_0.o
                0x20000034                tmp117_device_id
 *fill*         0x20000036        0x2 
 .bss.htim2     0x20000038       0x48 /Users/basith/Desktop/mc paid/Fan/firmware-build/source_0.o
                0x20000038                htim2
 .bss.hrtc      0x20000080       0x20 /Users/basith/Desktop/mc paid/Fan/firmware-build/source_0.o
                0x20000080                hrtc
 .bss.hi2c2     0x200000a0       0x54 /Users/basith/Desktop/mc paid/Fan/firmware-build/source_0.o
                0x200000a0                hi2c2
 .bss.fan_percent
                0x200000f4        0x1 /Users/basith/Desktop/mc paid/Fan/firmware-build/source_2.o
 *fill*         0x200000f5        0x3 
 .bss.uwTick    0x200000f8        0x4 /Users/basith/Desktop/mc paid/Fan/firmware-build/source_18.o
                0x200000f8                uwTick
 *(COMMON)
                0x200000fc                        . = ALIGN (0x4)
                0x200000fc                        _ebss = .
                0x20000100                        . = ALIGN (0x8)
                0x20000100                        _end = .
                0x00000001                        ASSERT (((_end + 0x600) <= (ORIGIN (RAM) + LENGTH (RAM))), RAM overflow)
OUTPUT(/Users/basith/Desktop/mc paid/Fan/firmware-build/fan.elf elf32-littlearm)
LOAD linker stubs

.debug_info     0x00000000    0x121ef
 .debug_info    0x00000000     0x1b12 /Users/basith/Desktop/mc paid/Fan/firmware-build/source_0.o
 .debug_info    0x00001b12      0xae6 /Users/basith/Desktop/mc paid/Fan/firmware-build/source_1.o
 .debug_info    0x000025f8      0x76b /Users/basith/Desktop/mc paid/Fan/firmware-build/source_2.o
 .debug_info    0x00002d63      0x119 /Users/basith/Desktop/mc paid/Fan/firmware-build/source_3.o
 .debug_info    0x00002e7c     0x12f9 /Users/basith/Desktop/mc paid/Fan/firmware-build/source_4.o
 .debug_info    0x00004175     0x370d /Users/basith/Desktop/mc paid/Fan/firmware-build/source_5.o
 .debug_info    0x00007882      0xaf6 /Users/basith/Desktop/mc paid/Fan/firmware-build/source_7.o
 .debug_info    0x00008378      0x6a7 /Users/basith/Desktop/mc paid/Fan/firmware-build/source_8.o
 .debug_info    0x00008a1f      0x729 /Users/basith/Desktop/mc paid/Fan/firmware-build/source_12.o
 .debug_info    0x00009148      0xf52 /Users/basith/Desktop/mc paid/Fan/firmware-build/source_17.o
 .debug_info    0x0000a09a      0x995 /Users/basith/Desktop/mc paid/Fan/firmware-build/source_18.o
 .debug_info    0x0000aa2f     0x1072 /Users/basith/Desktop/mc paid/Fan/firmware-build/source_20.o
 .debug_info    0x0000baa1     0x408a /Users/basith/Desktop/mc paid/Fan/firmware-build/source_22.o
 .debug_info    0x0000fb2b     0x18c3 /Users/basith/Desktop/mc paid/Fan/firmware-build/source_23.o
 .debug_info    0x000113ee      0x542 /Users/basith/Desktop/mc paid/Fan/firmware-build/source_24.o
 .debug_info    0x00011930       0x30 /Users/basith/Desktop/mc paid/Fan/firmware-build/source_25.o
 .debug_info    0x00011960      0x141 /Users/basith/Desktop/mc paid/Fan/firmware-build/source_26.o
 .debug_info    0x00011aa1       0x24 /opt/homebrew/Cellar/arm-none-eabi-gcc/16.2.0/lib/gcc/arm-none-eabi/16.2.0/thumb/v7e-m+fp/hard/libgcc.a(_aeabi_uldivmod.o)
 .debug_info    0x00011ac5      0x6ee /opt/homebrew/Cellar/arm-none-eabi-gcc/16.2.0/lib/gcc/arm-none-eabi/16.2.0/thumb/v7e-m+fp/hard/libgcc.a(_udivmoddi4.o)
 .debug_info    0x000121b3       0x3c /opt/homebrew/Cellar/arm-none-eabi-gcc/16.2.0/lib/gcc/arm-none-eabi/16.2.0/thumb/v7e-m+fp/hard/libgcc.a(_dvmd_tls.o)

.debug_abbrev   0x00000000     0x2ab9
 .debug_abbrev  0x00000000      0x3d4 /Users/basith/Desktop/mc paid/Fan/firmware-build/source_0.o
 .debug_abbrev  0x000003d4      0x2a2 /Users/basith/Desktop/mc paid/Fan/firmware-build/source_1.o
 .debug_abbrev  0x00000676      0x22b /Users/basith/Desktop/mc paid/Fan/firmware-build/source_2.o
 .debug_abbrev  0x000008a1       0xbc /Users/basith/Desktop/mc paid/Fan/firmware-build/source_3.o
 .debug_abbrev  0x0000095d      0x25b /Users/basith/Desktop/mc paid/Fan/firmware-build/source_4.o
 .debug_abbrev  0x00000bb8      0x43a /Users/basith/Desktop/mc paid/Fan/firmware-build/source_5.o
 .debug_abbrev  0x00000ff2      0x35d /Users/basith/Desktop/mc paid/Fan/firmware-build/source_7.o
 .debug_abbrev  0x0000134f      0x1cd /Users/basith/Desktop/mc paid/Fan/firmware-build/source_8.o
 .debug_abbrev  0x0000151c      0x210 /Users/basith/Desktop/mc paid/Fan/firmware-build/source_12.o
 .debug_abbrev  0x0000172c      0x3a1 /Users/basith/Desktop/mc paid/Fan/firmware-build/source_17.o
 .debug_abbrev  0x00001acd      0x2c2 /Users/basith/Desktop/mc paid/Fan/firmware-build/source_18.o
 .debug_abbrev  0x00001d8f      0x2c2 /Users/basith/Desktop/mc paid/Fan/firmware-build/source_20.o
 .debug_abbrev  0x00002051      0x3ac /Users/basith/Desktop/mc paid/Fan/firmware-build/source_22.o
 .debug_abbrev  0x000023fd      0x304 /Users/basith/Desktop/mc paid/Fan/firmware-build/source_23.o
 .debug_abbrev  0x00002701      0x127 /Users/basith/Desktop/mc paid/Fan/firmware-build/source_24.o
 .debug_abbrev  0x00002828       0x24 /Users/basith/Desktop/mc paid/Fan/firmware-build/source_25.o
 .debug_abbrev  0x0000284c       0xc3 /Users/basith/Desktop/mc paid/Fan/firmware-build/source_26.o
 .debug_abbrev  0x0000290f       0x14 /opt/homebrew/Cellar/arm-none-eabi-gcc/16.2.0/lib/gcc/arm-none-eabi/16.2.0/thumb/v7e-m+fp/hard/libgcc.a(_aeabi_uldivmod.o)
 .debug_abbrev  0x00002923      0x170 /opt/homebrew/Cellar/arm-none-eabi-gcc/16.2.0/lib/gcc/arm-none-eabi/16.2.0/thumb/v7e-m+fp/hard/libgcc.a(_udivmoddi4.o)
 .debug_abbrev  0x00002a93       0x26 /opt/homebrew/Cellar/arm-none-eabi-gcc/16.2.0/lib/gcc/arm-none-eabi/16.2.0/thumb/v7e-m+fp/hard/libgcc.a(_dvmd_tls.o)

.debug_loclists
                0x00000000     0x8668
 .debug_loclists
                0x00000000       0x8a /Users/basith/Desktop/mc paid/Fan/firmware-build/source_0.o
 .debug_loclists
                0x0000008a      0x240 /Users/basith/Desktop/mc paid/Fan/firmware-build/source_1.o
 .debug_loclists
                0x000002ca       0x52 /Users/basith/Desktop/mc paid/Fan/firmware-build/source_2.o
 .debug_loclists
                0x0000031c       0x9d /Users/basith/Desktop/mc paid/Fan/firmware-build/source_4.o
 .debug_loclists
                0x000003b9     0x2766 /Users/basith/Desktop/mc paid/Fan/firmware-build/source_5.o
 .debug_loclists
                0x00002b1f      0x306 /Users/basith/Desktop/mc paid/Fan/firmware-build/source_7.o
 .debug_loclists
                0x00002e25      0x2a8 /Users/basith/Desktop/mc paid/Fan/firmware-build/source_8.o
 .debug_loclists
                0x000030cd      0x2a4 /Users/basith/Desktop/mc paid/Fan/firmware-build/source_12.o
 .debug_loclists
                0x00003371      0x45b /Users/basith/Desktop/mc paid/Fan/firmware-build/source_17.o
 .debug_loclists
                0x000037cc       0xd5 /Users/basith/Desktop/mc paid/Fan/firmware-build/source_18.o
 .debug_loclists
                0x000038a1      0x801 /Users/basith/Desktop/mc paid/Fan/firmware-build/source_20.o
 .debug_loclists
                0x000040a2     0x2d68 /Users/basith/Desktop/mc paid/Fan/firmware-build/source_22.o
 .debug_loclists
                0x00006e0a      0xd00 /Users/basith/Desktop/mc paid/Fan/firmware-build/source_23.o
 .debug_loclists
                0x00007b0a       0x74 /Users/basith/Desktop/mc paid/Fan/firmware-build/source_24.o
 .debug_loclists
                0x00007b7e       0xb1 /Users/basith/Desktop/mc paid/Fan/firmware-build/source_26.o
 .debug_loclists
                0x00007c2f      0xa39 /opt/homebrew/Cellar/arm-none-eabi-gcc/16.2.0/lib/gcc/arm-none-eabi/16.2.0/thumb/v7e-m+fp/hard/libgcc.a(_udivmoddi4.o)

.debug_aranges  0x00000000      0xd48
 .debug_aranges
                0x00000000       0x40 /Users/basith/Desktop/mc paid/Fan/firmware-build/source_0.o
 .debug_aranges
                0x00000040       0x58 /Users/basith/Desktop/mc paid/Fan/firmware-build/source_1.o
 .debug_aranges
                0x00000098       0x40 /Users/basith/Desktop/mc paid/Fan/firmware-build/source_2.o
 .debug_aranges
                0x000000d8       0x60 /Users/basith/Desktop/mc paid/Fan/firmware-build/source_3.o
 .debug_aranges
                0x00000138       0x58 /Users/basith/Desktop/mc paid/Fan/firmware-build/source_4.o
 .debug_aranges
                0x00000190      0x208 /Users/basith/Desktop/mc paid/Fan/firmware-build/source_5.o
 .debug_aranges
                0x00000398       0x88 /Users/basith/Desktop/mc paid/Fan/firmware-build/source_7.o
 .debug_aranges
                0x00000420       0x50 /Users/basith/Desktop/mc paid/Fan/firmware-build/source_8.o
 .debug_aranges
                0x00000470       0x58 /Users/basith/Desktop/mc paid/Fan/firmware-build/source_12.o
 .debug_aranges
                0x000004c8       0xc0 /Users/basith/Desktop/mc paid/Fan/firmware-build/source_17.o
 .debug_aranges
                0x00000588       0xf0 /Users/basith/Desktop/mc paid/Fan/firmware-build/source_18.o
 .debug_aranges
                0x00000678       0xe8 /Users/basith/Desktop/mc paid/Fan/firmware-build/source_20.o
 .debug_aranges
                0x00000760      0x3a0 /Users/basith/Desktop/mc paid/Fan/firmware-build/source_22.o
 .debug_aranges
                0x00000b00      0x168 /Users/basith/Desktop/mc paid/Fan/firmware-build/source_23.o
 .debug_aranges
                0x00000c68       0x28 /Users/basith/Desktop/mc paid/Fan/firmware-build/source_24.o
 .debug_aranges
                0x00000c90       0x28 /Users/basith/Desktop/mc paid/Fan/firmware-build/source_25.o
 .debug_aranges
                0x00000cb8       0x30 /Users/basith/Desktop/mc paid/Fan/firmware-build/source_26.o
 .debug_aranges
                0x00000ce8       0x20 /opt/homebrew/Cellar/arm-none-eabi-gcc/16.2.0/lib/gcc/arm-none-eabi/16.2.0/thumb/v7e-m+fp/hard/libgcc.a(_aeabi_uldivmod.o)
 .debug_aranges
                0x00000d08       0x20 /opt/homebrew/Cellar/arm-none-eabi-gcc/16.2.0/lib/gcc/arm-none-eabi/16.2.0/thumb/v7e-m+fp/hard/libgcc.a(_udivmoddi4.o)
 .debug_aranges
                0x00000d28       0x20 /opt/homebrew/Cellar/arm-none-eabi-gcc/16.2.0/lib/gcc/arm-none-eabi/16.2.0/thumb/v7e-m+fp/hard/libgcc.a(_dvmd_tls.o)

.debug_rnglists
                0x00000000      0xd83
 .debug_rnglists
                0x00000000       0x66 /Users/basith/Desktop/mc paid/Fan/firmware-build/source_0.o
 .debug_rnglists
                0x00000066       0x3d /Users/basith/Desktop/mc paid/Fan/firmware-build/source_1.o
 .debug_rnglists
                0x000000a3       0x2b /Users/basith/Desktop/mc paid/Fan/firmware-build/source_2.o
 .debug_rnglists
                0x000000ce       0x43 /Users/basith/Desktop/mc paid/Fan/firmware-build/source_3.o
 .debug_rnglists
                0x00000111       0x62 /Users/basith/Desktop/mc paid/Fan/firmware-build/source_4.o
 .debug_rnglists
                0x00000173      0x356 /Users/basith/Desktop/mc paid/Fan/firmware-build/source_5.o
 .debug_rnglists
                0x000004c9       0x80 /Users/basith/Desktop/mc paid/Fan/firmware-build/source_7.o
 .debug_rnglists
                0x00000549       0x45 /Users/basith/Desktop/mc paid/Fan/firmware-build/source_8.o
 .debug_rnglists
                0x0000058e       0x52 /Users/basith/Desktop/mc paid/Fan/firmware-build/source_12.o
 .debug_rnglists
                0x000005e0       0xe8 /Users/basith/Desktop/mc paid/Fan/firmware-build/source_17.o
 .debug_rnglists
                0x000006c8       0xaf /Users/basith/Desktop/mc paid/Fan/firmware-build/source_18.o
 .debug_rnglists
                0x00000777       0xaf /Users/basith/Desktop/mc paid/Fan/firmware-build/source_20.o
 .debug_rnglists
                0x00000826      0x36c /Users/basith/Desktop/mc paid/Fan/firmware-build/source_22.o
 .debug_rnglists
                0x00000b92      0x112 /Users/basith/Desktop/mc paid/Fan/firmware-build/source_23.o
 .debug_rnglists
                0x00000ca4       0x19 /Users/basith/Desktop/mc paid/Fan/firmware-build/source_24.o
 .debug_rnglists
                0x00000cbd       0x19 /Users/basith/Desktop/mc paid/Fan/firmware-build/source_25.o
 .debug_rnglists
                0x00000cd6       0x1f /Users/basith/Desktop/mc paid/Fan/firmware-build/source_26.o
 .debug_rnglists
                0x00000cf5       0x8e /opt/homebrew/Cellar/arm-none-eabi-gcc/16.2.0/lib/gcc/arm-none-eabi/16.2.0/thumb/v7e-m+fp/hard/libgcc.a(_udivmoddi4.o)

.debug_macro    0x00000000    0x165ea
 .debug_macro   0x00000000      0x1da /Users/basith/Desktop/mc paid/Fan/firmware-build/source_0.o
 .debug_macro   0x000001da      0xafc /Users/basith/Desktop/mc paid/Fan/firmware-build/source_0.o
 .debug_macro   0x00000cd6      0x2a1 /Users/basith/Desktop/mc paid/Fan/firmware-build/source_0.o
 .debug_macro   0x00000f77       0x2e /Users/basith/Desktop/mc paid/Fan/firmware-build/source_0.o
 .debug_macro   0x00000fa5       0x28 /Users/basith/Desktop/mc paid/Fan/firmware-build/source_0.o
 .debug_macro   0x00000fcd      0x523 /Users/basith/Desktop/mc paid/Fan/firmware-build/source_0.o
 .debug_macro   0x000014f0       0x1c /Users/basith/Desktop/mc paid/Fan/firmware-build/source_0.o
 .debug_macro   0x0000150c       0x22 /Users/basith/Desktop/mc paid/Fan/firmware-build/source_0.o
 .debug_macro   0x0000152e       0xfb /Users/basith/Desktop/mc paid/Fan/firmware-build/source_0.o
 .debug_macro   0x00001629     0x1011 /Users/basith/Desktop/mc paid/Fan/firmware-build/source_0.o
 .debug_macro   0x0000263a      0x11f /Users/basith/Desktop/mc paid/Fan/firmware-build/source_0.o
 .debug_macro   0x00002759     0xb968 /Users/basith/Desktop/mc paid/Fan/firmware-build/source_0.o
 .debug_macro   0x0000e0c1       0x6d /Users/basith/Desktop/mc paid/Fan/firmware-build/source_0.o
 .debug_macro   0x0000e12e     0x3693 /Users/basith/Desktop/mc paid/Fan/firmware-build/source_0.o
 .debug_macro   0x000117c1      0x1a5 /Users/basith/Desktop/mc paid/Fan/firmware-build/source_0.o
 .debug_macro   0x00011966       0x5c /Users/basith/Desktop/mc paid/Fan/firmware-build/source_0.o
 .debug_macro   0x000119c2      0x45c /Users/basith/Desktop/mc paid/Fan/firmware-build/source_0.o
 .debug_macro   0x00011e1e      0x9e9 /Users/basith/Desktop/mc paid/Fan/firmware-build/source_0.o
 .debug_macro   0x00012807      0x115 /Users/basith/Desktop/mc paid/Fan/firmware-build/source_0.o
 .debug_macro   0x0001291c      0x11b /Users/basith/Desktop/mc paid/Fan/firmware-build/source_0.o
 .debug_macro   0x00012a37       0xa5 /Users/basith/Desktop/mc paid/Fan/firmware-build/source_0.o
 .debug_macro   0x00012adc      0x15f /Users/basith/Desktop/mc paid/Fan/firmware-build/source_0.o
 .debug_macro   0x00012c3b      0x287 /Users/basith/Desktop/mc paid/Fan/firmware-build/source_0.o
 .debug_macro   0x00012ec2       0x5f /Users/basith/Desktop/mc paid/Fan/firmware-build/source_0.o
 .debug_macro   0x00012f21      0x236 /Users/basith/Desktop/mc paid/Fan/firmware-build/source_0.o
 .debug_macro   0x00013157      0x132 /Users/basith/Desktop/mc paid/Fan/firmware-build/source_0.o
 .debug_macro   0x00013289      0x264 /Users/basith/Desktop/mc paid/Fan/firmware-build/source_0.o
 .debug_macro   0x000134ed       0x2e /Users/basith/Desktop/mc paid/Fan/firmware-build/source_0.o
 .debug_macro   0x0001351b      0x1b5 /Users/basith/Desktop/mc paid/Fan/firmware-build/source_0.o
 .debug_macro   0x000136d0       0x22 /Users/basith/Desktop/mc paid/Fan/firmware-build/source_0.o
 .debug_macro   0x000136f2       0xd6 /Users/basith/Desktop/mc paid/Fan/firmware-build/source_0.o
 .debug_macro   0x000137c8      0x127 /Users/basith/Desktop/mc paid/Fan/firmware-build/source_0.o
 .debug_macro   0x000138ef       0x85 /Users/basith/Desktop/mc paid/Fan/firmware-build/source_0.o
 .debug_macro   0x00013974       0x89 /Users/basith/Desktop/mc paid/Fan/firmware-build/source_0.o
 .debug_macro   0x000139fd      0x305 /Users/basith/Desktop/mc paid/Fan/firmware-build/source_0.o
 .debug_macro   0x00013d02      0x429 /Users/basith/Desktop/mc paid/Fan/firmware-build/source_0.o
 .debug_macro   0x0001412b       0xeb /Users/basith/Desktop/mc paid/Fan/firmware-build/source_0.o
 .debug_macro   0x00014216      0x8ed /Users/basith/Desktop/mc paid/Fan/firmware-build/source_0.o
 .debug_macro   0x00014b03       0x47 /Users/basith/Desktop/mc paid/Fan/firmware-build/source_0.o
 .debug_macro   0x00014b4a      0x126 /Users/basith/Desktop/mc paid/Fan/firmware-build/source_0.o
 .debug_macro   0x00014c70       0x28 /Users/basith/Desktop/mc paid/Fan/firmware-build/source_0.o
 .debug_macro   0x00014c98      0x1d2 /Users/basith/Desktop/mc paid/Fan/firmware-build/source_1.o
 .debug_macro   0x00014e6a       0x22 /Users/basith/Desktop/mc paid/Fan/firmware-build/source_1.o
 .debug_macro   0x00014e8c      0x1c1 /Users/basith/Desktop/mc paid/Fan/firmware-build/source_2.o
 .debug_macro   0x0001504d      0x1cb /Users/basith/Desktop/mc paid/Fan/firmware-build/source_3.o
 .debug_macro   0x00015218      0x1c1 /Users/basith/Desktop/mc paid/Fan/firmware-build/source_4.o
 .debug_macro   0x000153d9      0x205 /Users/basith/Desktop/mc paid/Fan/firmware-build/source_5.o
 .debug_macro   0x000155de      0x1db /Users/basith/Desktop/mc paid/Fan/firmware-build/source_7.o
 .debug_macro   0x000157b9      0x1b7 /Users/basith/Desktop/mc paid/Fan/firmware-build/source_8.o
 .debug_macro   0x00015970      0x1bd /Users/basith/Desktop/mc paid/Fan/firmware-build/source_12.o
 .debug_macro   0x00015b2d      0x1b7 /Users/basith/Desktop/mc paid/Fan/firmware-build/source_17.o
 .debug_macro   0x00015ce4      0x217 /Users/basith/Desktop/mc paid/Fan/firmware-build/source_18.o
 .debug_macro   0x00015efb      0x1b8 /Users/basith/Desktop/mc paid/Fan/firmware-build/source_20.o
 .debug_macro   0x000160b3      0x1b8 /Users/basith/Desktop/mc paid/Fan/firmware-build/source_22.o
 .debug_macro   0x0001626b      0x1b7 /Users/basith/Desktop/mc paid/Fan/firmware-build/source_23.o
 .debug_macro   0x00016422      0x1b7 /Users/basith/Desktop/mc paid/Fan/firmware-build/source_24.o
 .debug_macro   0x000165d9       0x11 /Users/basith/Desktop/mc paid/Fan/firmware-build/source_26.o

.debug_line     0x00000000    0x1240f
 .debug_line    0x00000000      0xaf1 /Users/basith/Desktop/mc paid/Fan/firmware-build/source_0.o
 .debug_line    0x00000af1      0x6d7 /Users/basith/Desktop/mc paid/Fan/firmware-build/source_1.o
 .debug_line    0x000011c8      0x581 /Users/basith/Desktop/mc paid/Fan/firmware-build/source_2.o
 .debug_line    0x00001749      0x5ba /Users/basith/Desktop/mc paid/Fan/firmware-build/source_3.o
 .debug_line    0x00001d03      0x6d9 /Users/basith/Desktop/mc paid/Fan/firmware-build/source_4.o
 .debug_line    0x000023dc     0x4f78 /Users/basith/Desktop/mc paid/Fan/firmware-build/source_5.o
 .debug_line    0x00007354      0xf72 /Users/basith/Desktop/mc paid/Fan/firmware-build/source_7.o
 .debug_line    0x000082c6      0xafa /Users/basith/Desktop/mc paid/Fan/firmware-build/source_8.o
 .debug_line    0x00008dc0      0x9c0 /Users/basith/Desktop/mc paid/Fan/firmware-build/source_12.o
 .debug_line    0x00009780      0xb4f /Users/basith/Desktop/mc paid/Fan/firmware-build/source_17.o
 .debug_line    0x0000a2cf      0x88d /Users/basith/Desktop/mc paid/Fan/firmware-build/source_18.o
 .debug_line    0x0000ab5c     0x12de /Users/basith/Desktop/mc paid/Fan/firmware-build/source_20.o
 .debug_line    0x0000be3a     0x41ca /Users/basith/Desktop/mc paid/Fan/firmware-build/source_22.o
 .debug_line    0x00010004     0x1673 /Users/basith/Desktop/mc paid/Fan/firmware-build/source_23.o
 .debug_line    0x00011677      0x58b /Users/basith/Desktop/mc paid/Fan/firmware-build/source_24.o
 .debug_line    0x00011c02       0x7a /Users/basith/Desktop/mc paid/Fan/firmware-build/source_25.o
 .debug_line    0x00011c7c       0xf1 /Users/basith/Desktop/mc paid/Fan/firmware-build/source_26.o
 .debug_line    0x00011d6d       0x4e /opt/homebrew/Cellar/arm-none-eabi-gcc/16.2.0/lib/gcc/arm-none-eabi/16.2.0/thumb/v7e-m+fp/hard/libgcc.a(_aeabi_uldivmod.o)
 .debug_line    0x00011dbb      0x60a /opt/homebrew/Cellar/arm-none-eabi-gcc/16.2.0/lib/gcc/arm-none-eabi/16.2.0/thumb/v7e-m+fp/hard/libgcc.a(_udivmoddi4.o)
 .debug_line    0x000123c5       0x4a /opt/homebrew/Cellar/arm-none-eabi-gcc/16.2.0/lib/gcc/arm-none-eabi/16.2.0/thumb/v7e-m+fp/hard/libgcc.a(_dvmd_tls.o)

.debug_str      0x00000000    0x911d0
 .debug_str     0x00000000    0x911d0 /Users/basith/Desktop/mc paid/Fan/firmware-build/source_0.o
                              0x8d7f7 (size before relaxing)
 .debug_str     0x000911d0        0x0 /Users/basith/Desktop/mc paid/Fan/firmware-build/source_1.o
                              0x8cd66 (size before relaxing)
 .debug_str     0x000911d0        0x0 /Users/basith/Desktop/mc paid/Fan/firmware-build/source_2.o
                              0x8cc5c (size before relaxing)
 .debug_str     0x000911d0        0x0 /Users/basith/Desktop/mc paid/Fan/firmware-build/source_3.o
                              0x8c721 (size before relaxing)
 .debug_str     0x000911d0        0x0 /Users/basith/Desktop/mc paid/Fan/firmware-build/source_4.o
                              0x8d35a (size before relaxing)
 .debug_str     0x000911d0        0x0 /Users/basith/Desktop/mc paid/Fan/firmware-build/source_5.o
                              0x8d84e (size before relaxing)
 .debug_str     0x000911d0        0x0 /Users/basith/Desktop/mc paid/Fan/firmware-build/source_7.o
                              0x8cc77 (size before relaxing)
 .debug_str     0x000911d0        0x0 /Users/basith/Desktop/mc paid/Fan/firmware-build/source_8.o
                              0x8c9d0 (size before relaxing)
 .debug_str     0x000911d0        0x0 /Users/basith/Desktop/mc paid/Fan/firmware-build/source_12.o
                              0x8c9b8 (size before relaxing)
 .debug_str     0x000911d0        0x0 /Users/basith/Desktop/mc paid/Fan/firmware-build/source_17.o
                              0x8cfd4 (size before relaxing)
 .debug_str     0x000911d0        0x0 /Users/basith/Desktop/mc paid/Fan/firmware-build/source_18.o
                              0x8d27e (size before relaxing)
 .debug_str     0x000911d0        0x0 /Users/basith/Desktop/mc paid/Fan/firmware-build/source_20.o
                              0x8cca5 (size before relaxing)
 .debug_str     0x000911d0        0x0 /Users/basith/Desktop/mc paid/Fan/firmware-build/source_22.o
                              0x8dbbf (size before relaxing)
 .debug_str     0x000911d0        0x0 /Users/basith/Desktop/mc paid/Fan/firmware-build/source_23.o
                              0x8d3cb (size before relaxing)
 .debug_str     0x000911d0        0x0 /Users/basith/Desktop/mc paid/Fan/firmware-build/source_24.o
                              0x8c848 (size before relaxing)
 .debug_str     0x000911d0        0x0 /Users/basith/Desktop/mc paid/Fan/firmware-build/source_25.o
                                 0xab (size before relaxing)
 .debug_str     0x000911d0        0x0 /Users/basith/Desktop/mc paid/Fan/firmware-build/source_26.o
                               0x2f7b (size before relaxing)
 .debug_str     0x000911d0        0x0 /opt/homebrew/Cellar/arm-none-eabi-gcc/16.2.0/lib/gcc/arm-none-eabi/16.2.0/thumb/v7e-m+fp/hard/libgcc.a(_aeabi_uldivmod.o)
                                 0xb9 (size before relaxing)
 .debug_str     0x000911d0        0x0 /opt/homebrew/Cellar/arm-none-eabi-gcc/16.2.0/lib/gcc/arm-none-eabi/16.2.0/thumb/v7e-m+fp/hard/libgcc.a(_udivmoddi4.o)
                                0x673 (size before relaxing)
 .debug_str     0x000911d0        0x0 /opt/homebrew/Cellar/arm-none-eabi-gcc/16.2.0/lib/gcc/arm-none-eabi/16.2.0/thumb/v7e-m+fp/hard/libgcc.a(_dvmd_tls.o)
                                 0xd9 (size before relaxing)

.comment        0x00000000       0x12
 .comment       0x00000000       0x12 /Users/basith/Desktop/mc paid/Fan/firmware-build/source_0.o
                                 0x13 (size before relaxing)
 .comment       0x00000012        0x0 /Users/basith/Desktop/mc paid/Fan/firmware-build/source_1.o
                                 0x13 (size before relaxing)
 .comment       0x00000012        0x0 /Users/basith/Desktop/mc paid/Fan/firmware-build/source_2.o
                                 0x13 (size before relaxing)
 .comment       0x00000012        0x0 /Users/basith/Desktop/mc paid/Fan/firmware-build/source_3.o
                                 0x13 (size before relaxing)
 .comment       0x00000012        0x0 /Users/basith/Desktop/mc paid/Fan/firmware-build/source_4.o
                                 0x13 (size before relaxing)
 .comment       0x00000012        0x0 /Users/basith/Desktop/mc paid/Fan/firmware-build/source_5.o
                                 0x13 (size before relaxing)
 .comment       0x00000012        0x0 /Users/basith/Desktop/mc paid/Fan/firmware-build/source_7.o
                                 0x13 (size before relaxing)
 .comment       0x00000012        0x0 /Users/basith/Desktop/mc paid/Fan/firmware-build/source_8.o
                                 0x13 (size before relaxing)
 .comment       0x00000012        0x0 /Users/basith/Desktop/mc paid/Fan/firmware-build/source_12.o
                                 0x13 (size before relaxing)
 .comment       0x00000012        0x0 /Users/basith/Desktop/mc paid/Fan/firmware-build/source_17.o
                                 0x13 (size before relaxing)
 .comment       0x00000012        0x0 /Users/basith/Desktop/mc paid/Fan/firmware-build/source_18.o
                                 0x13 (size before relaxing)
 .comment       0x00000012        0x0 /Users/basith/Desktop/mc paid/Fan/firmware-build/source_20.o
                                 0x13 (size before relaxing)
 .comment       0x00000012        0x0 /Users/basith/Desktop/mc paid/Fan/firmware-build/source_22.o
                                 0x13 (size before relaxing)
 .comment       0x00000012        0x0 /Users/basith/Desktop/mc paid/Fan/firmware-build/source_23.o
                                 0x13 (size before relaxing)
 .comment       0x00000012        0x0 /Users/basith/Desktop/mc paid/Fan/firmware-build/source_24.o
                                 0x13 (size before relaxing)
 .comment       0x00000012        0x0 /Users/basith/Desktop/mc paid/Fan/firmware-build/source_26.o
                                 0x13 (size before relaxing)
 .comment       0x00000012        0x0 /opt/homebrew/Cellar/arm-none-eabi-gcc/16.2.0/lib/gcc/arm-none-eabi/16.2.0/thumb/v7e-m+fp/hard/libgcc.a(_udivmoddi4.o)
                                 0x13 (size before relaxing)

.ARM.attributes
                0x00000000       0x32
 .ARM.attributes
                0x00000000       0x34 /Users/basith/Desktop/mc paid/Fan/firmware-build/source_0.o
 .ARM.attributes
                0x00000034       0x34 /Users/basith/Desktop/mc paid/Fan/firmware-build/source_1.o
 .ARM.attributes
                0x00000068       0x34 /Users/basith/Desktop/mc paid/Fan/firmware-build/source_2.o
 .ARM.attributes
                0x0000009c       0x34 /Users/basith/Desktop/mc paid/Fan/firmware-build/source_3.o
 .ARM.attributes
                0x000000d0       0x34 /Users/basith/Desktop/mc paid/Fan/firmware-build/source_4.o
 .ARM.attributes
                0x00000104       0x34 /Users/basith/Desktop/mc paid/Fan/firmware-build/source_5.o
 .ARM.attributes
                0x00000138       0x34 /Users/basith/Desktop/mc paid/Fan/firmware-build/source_7.o
 .ARM.attributes
                0x0000016c       0x34 /Users/basith/Desktop/mc paid/Fan/firmware-build/source_8.o
 .ARM.attributes
                0x000001a0       0x34 /Users/basith/Desktop/mc paid/Fan/firmware-build/source_12.o
 .ARM.attributes
                0x000001d4       0x34 /Users/basith/Desktop/mc paid/Fan/firmware-build/source_17.o
 .ARM.attributes
                0x00000208       0x34 /Users/basith/Desktop/mc paid/Fan/firmware-build/source_18.o
 .ARM.attributes
                0x0000023c       0x34 /Users/basith/Desktop/mc paid/Fan/firmware-build/source_20.o
 .ARM.attributes
                0x00000270       0x34 /Users/basith/Desktop/mc paid/Fan/firmware-build/source_22.o
 .ARM.attributes
                0x000002a4       0x34 /Users/basith/Desktop/mc paid/Fan/firmware-build/source_23.o
 .ARM.attributes
                0x000002d8       0x34 /Users/basith/Desktop/mc paid/Fan/firmware-build/source_24.o
 .ARM.attributes
                0x0000030c       0x21 /Users/basith/Desktop/mc paid/Fan/firmware-build/source_25.o
 .ARM.attributes
                0x0000032d       0x34 /Users/basith/Desktop/mc paid/Fan/firmware-build/source_26.o
 .ARM.attributes
                0x00000361       0x22 /opt/homebrew/Cellar/arm-none-eabi-gcc/16.2.0/lib/gcc/arm-none-eabi/16.2.0/thumb/v7e-m+fp/hard/libgcc.a(_aeabi_uldivmod.o)
 .ARM.attributes
                0x00000383       0x34 /opt/homebrew/Cellar/arm-none-eabi-gcc/16.2.0/lib/gcc/arm-none-eabi/16.2.0/thumb/v7e-m+fp/hard/libgcc.a(_udivmoddi4.o)
 .ARM.attributes
                0x000003b7       0x22 /opt/homebrew/Cellar/arm-none-eabi-gcc/16.2.0/lib/gcc/arm-none-eabi/16.2.0/thumb/v7e-m+fp/hard/libgcc.a(_dvmd_tls.o)

.debug_frame    0x00000000     0x21fc
 .debug_frame   0x00000000       0x9c /Users/basith/Desktop/mc paid/Fan/firmware-build/source_0.o
 .debug_frame   0x0000009c       0xd0 /Users/basith/Desktop/mc paid/Fan/firmware-build/source_1.o
 .debug_frame   0x0000016c       0x6c /Users/basith/Desktop/mc paid/Fan/firmware-build/source_2.o
 .debug_frame   0x000001d8       0xa0 /Users/basith/Desktop/mc paid/Fan/firmware-build/source_3.o
 .debug_frame   0x00000278       0xe4 /Users/basith/Desktop/mc paid/Fan/firmware-build/source_4.o
 .debug_frame   0x0000035c      0x754 /Users/basith/Desktop/mc paid/Fan/firmware-build/source_5.o
 .debug_frame   0x00000ab0      0x13c /Users/basith/Desktop/mc paid/Fan/firmware-build/source_7.o
 .debug_frame   0x00000bec       0xb8 /Users/basith/Desktop/mc paid/Fan/firmware-build/source_8.o
 .debug_frame   0x00000ca4       0xd4 /Users/basith/Desktop/mc paid/Fan/firmware-build/source_12.o
 .debug_frame   0x00000d78      0x180 /Users/basith/Desktop/mc paid/Fan/firmware-build/source_17.o
 .debug_frame   0x00000ef8      0x1f4 /Users/basith/Desktop/mc paid/Fan/firmware-build/source_18.o
 .debug_frame   0x000010ec      0x27c /Users/basith/Desktop/mc paid/Fan/firmware-build/source_20.o
 .debug_frame   0x00001368      0x9e0 /Users/basith/Desktop/mc paid/Fan/firmware-build/source_22.o
 .debug_frame   0x00001d48      0x3c4 /Users/basith/Desktop/mc paid/Fan/firmware-build/source_23.o
 .debug_frame   0x0000210c       0x30 /Users/basith/Desktop/mc paid/Fan/firmware-build/source_24.o
 .debug_frame   0x0000213c       0x48 /Users/basith/Desktop/mc paid/Fan/firmware-build/source_26.o
 .debug_frame   0x00002184       0x2c /opt/homebrew/Cellar/arm-none-eabi-gcc/16.2.0/lib/gcc/arm-none-eabi/16.2.0/thumb/v7e-m+fp/hard/libgcc.a(_aeabi_uldivmod.o)
 .debug_frame   0x000021b0       0x4c /opt/homebrew/Cellar/arm-none-eabi-gcc/16.2.0/lib/gcc/arm-none-eabi/16.2.0/thumb/v7e-m+fp/hard/libgcc.a(_udivmoddi4.o)

.debug_line_str
                0x00000000      0x14a
 .debug_line_str
                0x00000000      0x14a /Users/basith/Desktop/mc paid/Fan/firmware-build/source_25.o
                                 0x91 (size before relaxing)
 .debug_line_str
                0x0000014a        0x0 /opt/homebrew/Cellar/arm-none-eabi-gcc/16.2.0/lib/gcc/arm-none-eabi/16.2.0/thumb/v7e-m+fp/hard/libgcc.a(_aeabi_uldivmod.o)
                                 0xad (size before relaxing)
 .debug_line_str
                0x0000014a        0x0 /opt/homebrew/Cellar/arm-none-eabi-gcc/16.2.0/lib/gcc/arm-none-eabi/16.2.0/thumb/v7e-m+fp/hard/libgcc.a(_dvmd_tls.o)
                                 0xb1 (size before relaxing)
